// Jest Snapshot v1, https://goo.gl/fbAQLP

exports[`Carousel tests should match snapshot 1`] = `
Object {
  "asFragment": [Function],
  "baseElement": <body>
    <div>
      <div
        class="sc-gswNZR fOVEgv ti-carousel-wrapper"
      >
        <div
          class="sc-ipEyDJ hMCvJX"
          role="listbox"
        >
          <div
            class="sc-csuSiG jxlpTE current"
            role="option"
          >
            <div
              class="sc-idXgbr sc-hHTYSt ffaAEa bfWWrs sc-kgTSHT QoigH"
              height="380px"
              style="display: flex; flex-direction: column; justify-content: center; align-items: center;"
              width="900px"
            >
              <div
                class="sc-hBxehG iiGtT"
              >
                <h1
                  class="sc-hLBbgP sc-iBYQkv gdgHTR"
                  font-weight="500"
                >
                  Shape your project
                </h1>
              </div>
              <div
                class="sc-ksBlkl fwTNuS"
              >
                <div
                  class="sc-hLBbgP sc-iBYQkv gbrESI"
                  style="max-width: 500px; text-align: center;"
                >
                  Consulting. Get the insights you need about your market and how to build your business with analysis and technology awareness.
                </div>
              </div>
            </div>
          </div>
          <div
            class="sc-csuSiG jxlpTE after"
            role="option"
          >
            <div
              class="sc-idXgbr sc-hHTYSt ffaAEa bfWWrs sc-kgTSHT QoigH"
              height="380px"
              style="display: flex; flex-direction: column; justify-content: center; align-items: center;"
              width="900px"
            >
              <div
                class="sc-hBxehG iiGtT"
              >
                <h1
                  class="sc-hLBbgP sc-iBYQkv gdgHTR"
                  font-weight="500"
                >
                  Shape your ideas
                </h1>
              </div>
              <div
                class="sc-ksBlkl fwTNuS"
              >
                <div
                  class="sc-hLBbgP sc-iBYQkv gbrESI"
                  style="max-width: 500px; text-align: center;"
                >
                  Consulting. Get the insights you need about your market and how to build your business with analysis and technology awareness.
                </div>
              </div>
            </div>
          </div>
          <div
            class="sc-csuSiG jxlpTE back"
            role="option"
          >
            <div
              class="sc-idXgbr sc-hHTYSt ffaAEa bfWWrs sc-kgTSHT QoigH"
              height="380px"
              style="display: flex; flex-direction: column; justify-content: center; align-items: center;"
              width="900px"
            >
              <div
                class="sc-hBxehG iiGtT"
              >
                <h1
                  class="sc-hLBbgP sc-iBYQkv gdgHTR"
                  font-weight="500"
                >
                  Shape your skills
                </h1>
              </div>
              <div
                class="sc-ksBlkl fwTNuS"
              >
                <div
                  class="sc-hLBbgP sc-iBYQkv gbrESI"
                  style="max-width: 500px; text-align: center;"
                >
                  Consulting. Get the insights you need about your market and how to build your business with analysis and technology awareness.
                </div>
              </div>
            </div>
          </div>
          <div
            class="sc-csuSiG jxlpTE back"
            role="option"
          >
            <div
              class="sc-idXgbr sc-hHTYSt ffaAEa bfWWrs sc-kgTSHT QoigH"
              height="380px"
              style="display: flex; flex-direction: column; justify-content: center; align-items: center;"
              width="900px"
            >
              <div
                class="sc-hBxehG iiGtT"
              >
                <h1
                  class="sc-hLBbgP sc-iBYQkv gdgHTR"
                  font-weight="500"
                >
                  Shape your body
                </h1>
              </div>
              <div
                class="sc-ksBlkl fwTNuS"
              >
                <div
                  class="sc-hLBbgP sc-iBYQkv gbrESI"
                  style="max-width: 500px; text-align: center;"
                >
                  Consulting. Get the insights you need about your market and how to build your business with analysis and technology awareness.
                </div>
              </div>
            </div>
          </div>
          <div
            class="sc-csuSiG jxlpTE back"
            role="option"
          >
            <div
              class="sc-idXgbr sc-hHTYSt ffaAEa bfWWrs sc-kgTSHT QoigH"
              height="380px"
              style="display: flex; flex-direction: column; justify-content: center; align-items: center;"
              width="900px"
            >
              <div
                class="sc-hBxehG iiGtT"
              >
                <h1
                  class="sc-hLBbgP sc-iBYQkv gdgHTR"
                  font-weight="500"
                >
                  Shape your self
                </h1>
              </div>
              <div
                class="sc-ksBlkl fwTNuS"
              >
                <div
                  class="sc-hLBbgP sc-iBYQkv gbrESI"
                  style="max-width: 500px; text-align: center;"
                >
                  Consulting. Get the insights you need about your market and how to build your business with analysis and technology awareness.
                </div>
              </div>
            </div>
          </div>
          <div
            class="sc-csuSiG jxlpTE layout-builder"
          >
            <div
              class="sc-idXgbr sc-hHTYSt ffaAEa bfWWrs sc-kgTSHT QoigH"
              height="380px"
              style="display: flex; flex-direction: column; justify-content: center; align-items: center;"
              width="900px"
            >
              <div
                class="sc-hBxehG iiGtT"
              >
                <h1
                  class="sc-hLBbgP sc-iBYQkv gdgHTR"
                  font-weight="500"
                >
                  Shape your project
                </h1>
              </div>
              <div
                class="sc-ksBlkl fwTNuS"
              >
                <div
                  class="sc-hLBbgP sc-iBYQkv gbrESI"
                  style="max-width: 500px; text-align: center;"
                >
                  Consulting. Get the insights you need about your market and how to build your business with analysis and technology awareness.
                </div>
              </div>
            </div>
          </div>
        </div>
      </div>
    </div>
  </body>,
  "container": <div>
    <div
      class="sc-gswNZR fOVEgv ti-carousel-wrapper"
    >
      <div
        class="sc-ipEyDJ hMCvJX"
        role="listbox"
      >
        <div
          class="sc-csuSiG jxlpTE current"
          role="option"
        >
          <div
            class="sc-idXgbr sc-hHTYSt ffaAEa bfWWrs sc-kgTSHT QoigH"
            height="380px"
            style="display: flex; flex-direction: column; justify-content: center; align-items: center;"
            width="900px"
          >
            <div
              class="sc-hBxehG iiGtT"
            >
              <h1
                class="sc-hLBbgP sc-iBYQkv gdgHTR"
                font-weight="500"
              >
                Shape your project
              </h1>
            </div>
            <div
              class="sc-ksBlkl fwTNuS"
            >
              <div
                class="sc-hLBbgP sc-iBYQkv gbrESI"
                style="max-width: 500px; text-align: center;"
              >
                Consulting. Get the insights you need about your market and how to build your business with analysis and technology awareness.
              </div>
            </div>
          </div>
        </div>
        <div
          class="sc-csuSiG jxlpTE after"
          role="option"
        >
          <div
            class="sc-idXgbr sc-hHTYSt ffaAEa bfWWrs sc-kgTSHT QoigH"
            height="380px"
            style="display: flex; flex-direction: column; justify-content: center; align-items: center;"
            width="900px"
          >
            <div
              class="sc-hBxehG iiGtT"
            >
              <h1
                class="sc-hLBbgP sc-iBYQkv gdgHTR"
                font-weight="500"
              >
                Shape your ideas
              </h1>
            </div>
            <div
              class="sc-ksBlkl fwTNuS"
            >
              <div
                class="sc-hLBbgP sc-iBYQkv gbrESI"
                style="max-width: 500px; text-align: center;"
              >
                Consulting. Get the insights you need about your market and how to build your business with analysis and technology awareness.
              </div>
            </div>
          </div>
        </div>
        <div
          class="sc-csuSiG jxlpTE back"
          role="option"
        >
          <div
            class="sc-idXgbr sc-hHTYSt ffaAEa bfWWrs sc-kgTSHT QoigH"
            height="380px"
            style="display: flex; flex-direction: column; justify-content: center; align-items: center;"
            width="900px"
          >
            <div
              class="sc-hBxehG iiGtT"
            >
              <h1
                class="sc-hLBbgP sc-iBYQkv gdgHTR"
                font-weight="500"
              >
                Shape your skills
              </h1>
            </div>
            <div
              class="sc-ksBlkl fwTNuS"
            >
              <div
                class="sc-hLBbgP sc-iBYQkv gbrESI"
                style="max-width: 500px; text-align: center;"
              >
                Consulting. Get the insights you need about your market and how to build your business with analysis and technology awareness.
              </div>
            </div>
          </div>
        </div>
        <div
          class="sc-csuSiG jxlpTE back"
          role="option"
        >
          <div
            class="sc-idXgbr sc-hHTYSt ffaAEa bfWWrs sc-kgTSHT QoigH"
            height="380px"
            style="display: flex; flex-direction: column; justify-content: center; align-items: center;"
            width="900px"
          >
            <div
              class="sc-hBxehG iiGtT"
            >
              <h1
                class="sc-hLBbgP sc-iBYQkv gdgHTR"
                font-weight="500"
              >
                Shape your body
              </h1>
            </div>
            <div
              class="sc-ksBlkl fwTNuS"
            >
              <div
                class="sc-hLBbgP sc-iBYQkv gbrESI"
                style="max-width: 500px; text-align: center;"
              >
                Consulting. Get the insights you need about your market and how to build your business with analysis and technology awareness.
              </div>
            </div>
          </div>
        </div>
        <div
          class="sc-csuSiG jxlpTE back"
          role="option"
        >
          <div
            class="sc-idXgbr sc-hHTYSt ffaAEa bfWWrs sc-kgTSHT QoigH"
            height="380px"
            style="display: flex; flex-direction: column; justify-content: center; align-items: center;"
            width="900px"
          >
            <div
              class="sc-hBxehG iiGtT"
            >
              <h1
                class="sc-hLBbgP sc-iBYQkv gdgHTR"
                font-weight="500"
              >
                Shape your self
              </h1>
            </div>
            <div
              class="sc-ksBlkl fwTNuS"
            >
              <div
                class="sc-hLBbgP sc-iBYQkv gbrESI"
                style="max-width: 500px; text-align: center;"
              >
                Consulting. Get the insights you need about your market and how to build your business with analysis and technology awareness.
              </div>
            </div>
          </div>
        </div>
        <div
          class="sc-csuSiG jxlpTE layout-builder"
        >
          <div
            class="sc-idXgbr sc-hHTYSt ffaAEa bfWWrs sc-kgTSHT QoigH"
            height="380px"
            style="display: flex; flex-direction: column; justify-content: center; align-items: center;"
            width="900px"
          >
            <div
              class="sc-hBxehG iiGtT"
            >
              <h1
                class="sc-hLBbgP sc-iBYQkv gdgHTR"
                font-weight="500"
              >
                Shape your project
              </h1>
            </div>
            <div
              class="sc-ksBlkl fwTNuS"
            >
              <div
                class="sc-hLBbgP sc-iBYQkv gbrESI"
                style="max-width: 500px; text-align: center;"
              >
                Consulting. Get the insights you need about your market and how to build your business with analysis and technology awareness.
              </div>
            </div>
          </div>
        </div>
      </div>
    </div>
  </div>,
  "debug": [Function],
  "findAllByAltText": [Function],
  "findAllByDisplayValue": [Function],
  "findAllByLabelText": [Function],
  "findAllByPlaceholderText": [Function],
  "findAllByRole": [Function],
  "findAllByTestId": [Function],
  "findAllByText": [Function],
  "findAllByTitle": [Function],
  "findByAltText": [Function],
  "findByDisplayValue": [Function],
  "findByLabelText": [Function],
  "findByPlaceholderText": [Function],
  "findByRole": [Function],
  "findByTestId": [Function],
  "findByText": [Function],
  "findByTitle": [Function],
  "getAllByAltText": [Function],
  "getAllByDisplayValue": [Function],
  "getAllByLabelText": [Function],
  "getAllByPlaceholderText": [Function],
  "getAllByRole": [Function],
  "getAllByTestId": [Function],
  "getAllByText": [Function],
  "getAllByTitle": [Function],
  "getByAltText": [Function],
  "getByDisplayValue": [Function],
  "getByLabelText": [Function],
  "getByPlaceholderText": [Function],
  "getByRole": [Function],
  "getByTestId": [Function],
  "getByText": [Function],
  "getByTitle": [Function],
  "queryAllByAltText": [Function],
  "queryAllByDisplayValue": [Function],
  "queryAllByLabelText": [Function],
  "queryAllByPlaceholderText": [Function],
  "queryAllByRole": [Function],
  "queryAllByTestId": [Function],
  "queryAllByText": [Function],
  "queryAllByTitle": [Function],
  "queryByAltText": [Function],
  "queryByDisplayValue": [Function],
  "queryByLabelText": [Function],
  "queryByPlaceholderText": [Function],
  "queryByRole": [Function],
  "queryByTestId": [Function],
  "queryByText": [Function],
  "queryByTitle": [Function],
  "rerender": [Function],
  "unmount": [Function],
}
`;
