// Jest Snapshot v1, https://goo.gl/fbAQLP

exports[`Bookmark tests should match snapshot 1`] = `
Object {
  "asFragment": [Function],
  "baseElement": <body>
    <div>
      <a
        class="sc-gswNZR sc-dkrFOg gwPJTp sc-dkrFOg gwPJTp ti-bookmark undefined"
        href="mailto: info@tetraimpacts.com"
      >
        <div
          class="sc-hLBbgP hmQTFX ti-bookmark-icon-container before"
        >
          <svg
            class="sc-bcXHqe cMqtmU ticons-mail_envelope"
            height="24px"
            role="img"
            viewBox="0 0 24 24"
            width="24px"
            xmlns="http://www.w3.org/2000/svg"
          >
            <path
              d="M3.84995 20.75C3.11662 20.75 2.49162 20.4917 1.97495 19.975C1.45828 19.4583 1.19995 18.8333 1.19995 18.1V5.9C1.19995 5.16667 1.45828 4.54167 1.97495 4.025C2.49162 3.50833 3.11662 3.25 3.84995 3.25H20.15C20.8833 3.25 21.5083 3.50833 22.025 4.025C22.5416 4.54167 22.7999 5.16667 22.7999 5.9V18.1C22.7999 18.8333 22.5416 19.4583 22.025 19.975C21.5083 20.4917 20.8833 20.75 20.15 20.75H3.84995ZM20.15 8.6L12.675 13.15C12.575 13.2167 12.4666 13.2667 12.35 13.3C12.2333 13.3333 12.1166 13.35 12 13.35C11.8833 13.35 11.7666 13.3333 11.65 13.3C11.5333 13.2667 11.425 13.2167 11.325 13.15L3.84995 8.6V18.1H20.15V8.6ZM12 11L20.35 5.9H3.64995L12 11Z"
            />
          </svg>
        </div>
        <p
          class="sc-gswNZR sc-eDvSVe fhyHkD ti-bookmark-text"
          font-size="20px"
          font-style="normal"
          font-weight="700"
          style="padding: 0px 20px; width: 100%; align-self: center;"
        >
          info@tetraimpacts.com
        </p>
      </a>
    </div>
  </body>,
  "container": <div>
    <a
      class="sc-gswNZR sc-dkrFOg gwPJTp sc-dkrFOg gwPJTp ti-bookmark undefined"
      href="mailto: info@tetraimpacts.com"
    >
      <div
        class="sc-hLBbgP hmQTFX ti-bookmark-icon-container before"
      >
        <svg
          class="sc-bcXHqe cMqtmU ticons-mail_envelope"
          height="24px"
          role="img"
          viewBox="0 0 24 24"
          width="24px"
          xmlns="http://www.w3.org/2000/svg"
        >
          <path
            d="M3.84995 20.75C3.11662 20.75 2.49162 20.4917 1.97495 19.975C1.45828 19.4583 1.19995 18.8333 1.19995 18.1V5.9C1.19995 5.16667 1.45828 4.54167 1.97495 4.025C2.49162 3.50833 3.11662 3.25 3.84995 3.25H20.15C20.8833 3.25 21.5083 3.50833 22.025 4.025C22.5416 4.54167 22.7999 5.16667 22.7999 5.9V18.1C22.7999 18.8333 22.5416 19.4583 22.025 19.975C21.5083 20.4917 20.8833 20.75 20.15 20.75H3.84995ZM20.15 8.6L12.675 13.15C12.575 13.2167 12.4666 13.2667 12.35 13.3C12.2333 13.3333 12.1166 13.35 12 13.35C11.8833 13.35 11.7666 13.3333 11.65 13.3C11.5333 13.2667 11.425 13.2167 11.325 13.15L3.84995 8.6V18.1H20.15V8.6ZM12 11L20.35 5.9H3.64995L12 11Z"
          />
        </svg>
      </div>
      <p
        class="sc-gswNZR sc-eDvSVe fhyHkD ti-bookmark-text"
        font-size="20px"
        font-style="normal"
        font-weight="700"
        style="padding: 0px 20px; width: 100%; align-self: center;"
      >
        info@tetraimpacts.com
      </p>
    </a>
  </div>,
  "debug": [Function],
  "findAllByAltText": [Function],
  "findAllByDisplayValue": [Function],
  "findAllByLabelText": [Function],
  "findAllByPlaceholderText": [Function],
  "findAllByRole": [Function],
  "findAllByTestId": [Function],
  "findAllByText": [Function],
  "findAllByTitle": [Function],
  "findByAltText": [Function],
  "findByDisplayValue": [Function],
  "findByLabelText": [Function],
  "findByPlaceholderText": [Function],
  "findByRole": [Function],
  "findByTestId": [Function],
  "findByText": [Function],
  "findByTitle": [Function],
  "getAllByAltText": [Function],
  "getAllByDisplayValue": [Function],
  "getAllByLabelText": [Function],
  "getAllByPlaceholderText": [Function],
  "getAllByRole": [Function],
  "getAllByTestId": [Function],
  "getAllByText": [Function],
  "getAllByTitle": [Function],
  "getByAltText": [Function],
  "getByDisplayValue": [Function],
  "getByLabelText": [Function],
  "getByPlaceholderText": [Function],
  "getByRole": [Function],
  "getByTestId": [Function],
  "getByText": [Function],
  "getByTitle": [Function],
  "queryAllByAltText": [Function],
  "queryAllByDisplayValue": [Function],
  "queryAllByLabelText": [Function],
  "queryAllByPlaceholderText": [Function],
  "queryAllByRole": [Function],
  "queryAllByTestId": [Function],
  "queryAllByText": [Function],
  "queryAllByTitle": [Function],
  "queryByAltText": [Function],
  "queryByDisplayValue": [Function],
  "queryByLabelText": [Function],
  "queryByPlaceholderText": [Function],
  "queryByRole": [Function],
  "queryByTestId": [Function],
  "queryByText": [Function],
  "queryByTitle": [Function],
  "rerender": [Function],
  "unmount": [Function],
}
`;
