// Jest Snapshot v1, https://goo.gl/fbAQLP

exports[`Button tests should match snapshot 1`] = `
Object {
  "asFragment": [Function],
  "baseElement": <body>
    <div>
      <button
        class="sc-bcXHqe sc-dkrFOg gkrZeY ti-button "
      >
        <p
          class="sc-bcXHqe sc-eDvSVe fulKPl"
        >
          Button
        </p>
        <div
          class="sc-gswNZR byNAsO"
        >
          <svg
            class="sc-jSUZER rbNgI ticons-arrow_right"
            height="24px"
            role="img"
            viewBox="0 0 24 24"
            width="24px"
            xmlns="http://www.w3.org/2000/svg"
          >
            <path
              d="M6.475 21.5C6.175 21.2 6.025 20.8333 6.025 20.4C6.025 19.9667 6.175 19.6 6.475 19.3L13.8 11.975L6.45 4.625C6.15 4.325 6 3.96667 6 3.55C6 3.13333 6.15833 2.76667 6.475 2.45C6.775 2.15 7.14167 2 7.575 2C8.00833 2 8.375 2.15 8.675 2.45L17.275 11.05C17.4083 11.1833 17.5043 11.3293 17.563 11.488C17.621 11.646 17.65 11.8083 17.65 11.975C17.65 12.1417 17.621 12.304 17.563 12.462C17.5043 12.6207 17.4083 12.7667 17.275 12.9L8.65 21.525C8.35 21.825 7.99167 21.975 7.575 21.975C7.15833 21.975 6.79167 21.8167 6.475 21.5Z"
            />
          </svg>
        </div>
        <div
          class="sc-gKPRtg dOMrEj"
          color="#C5CFDF"
        />
      </button>
    </div>
  </body>,
  "container": <div>
    <button
      class="sc-bcXHqe sc-dkrFOg gkrZeY ti-button "
    >
      <p
        class="sc-bcXHqe sc-eDvSVe fulKPl"
      >
        Button
      </p>
      <div
        class="sc-gswNZR byNAsO"
      >
        <svg
          class="sc-jSUZER rbNgI ticons-arrow_right"
          height="24px"
          role="img"
          viewBox="0 0 24 24"
          width="24px"
          xmlns="http://www.w3.org/2000/svg"
        >
          <path
            d="M6.475 21.5C6.175 21.2 6.025 20.8333 6.025 20.4C6.025 19.9667 6.175 19.6 6.475 19.3L13.8 11.975L6.45 4.625C6.15 4.325 6 3.96667 6 3.55C6 3.13333 6.15833 2.76667 6.475 2.45C6.775 2.15 7.14167 2 7.575 2C8.00833 2 8.375 2.15 8.675 2.45L17.275 11.05C17.4083 11.1833 17.5043 11.3293 17.563 11.488C17.621 11.646 17.65 11.8083 17.65 11.975C17.65 12.1417 17.621 12.304 17.563 12.462C17.5043 12.6207 17.4083 12.7667 17.275 12.9L8.65 21.525C8.35 21.825 7.99167 21.975 7.575 21.975C7.15833 21.975 6.79167 21.8167 6.475 21.5Z"
          />
        </svg>
      </div>
      <div
        class="sc-gKPRtg dOMrEj"
        color="#C5CFDF"
      />
    </button>
  </div>,
  "debug": [Function],
  "findAllByAltText": [Function],
  "findAllByDisplayValue": [Function],
  "findAllByLabelText": [Function],
  "findAllByPlaceholderText": [Function],
  "findAllByRole": [Function],
  "findAllByTestId": [Function],
  "findAllByText": [Function],
  "findAllByTitle": [Function],
  "findByAltText": [Function],
  "findByDisplayValue": [Function],
  "findByLabelText": [Function],
  "findByPlaceholderText": [Function],
  "findByRole": [Function],
  "findByTestId": [Function],
  "findByText": [Function],
  "findByTitle": [Function],
  "getAllByAltText": [Function],
  "getAllByDisplayValue": [Function],
  "getAllByLabelText": [Function],
  "getAllByPlaceholderText": [Function],
  "getAllByRole": [Function],
  "getAllByTestId": [Function],
  "getAllByText": [Function],
  "getAllByTitle": [Function],
  "getByAltText": [Function],
  "getByDisplayValue": [Function],
  "getByLabelText": [Function],
  "getByPlaceholderText": [Function],
  "getByRole": [Function],
  "getByTestId": [Function],
  "getByText": [Function],
  "getByTitle": [Function],
  "queryAllByAltText": [Function],
  "queryAllByDisplayValue": [Function],
  "queryAllByLabelText": [Function],
  "queryAllByPlaceholderText": [Function],
  "queryAllByRole": [Function],
  "queryAllByTestId": [Function],
  "queryAllByText": [Function],
  "queryAllByTitle": [Function],
  "queryByAltText": [Function],
  "queryByDisplayValue": [Function],
  "queryByLabelText": [Function],
  "queryByPlaceholderText": [Function],
  "queryByRole": [Function],
  "queryByTestId": [Function],
  "queryByText": [Function],
  "queryByTitle": [Function],
  "rerender": [Function],
  "unmount": [Function],
}
`;
