// Jest Snapshot v1, https://goo.gl/fbAQLP

exports[`Input tests should match snapshot 1`] = `
Object {
  "asFragment": [Function],
  "baseElement": <body>
    <div>
      <div
        class="sc-bcXHqe sc-eDvSVe imORpF"
        font-size="20px"
        style="overflow: visible;"
      >
        <div
          class="sc-csuSiG hkTSoV ti-input-wrapper"
        >
          <div
            class="sc-eDWCr fNjHOp"
          >
            <input
              class="sc-ipEyDJ gvOjtI  "
              type="text"
              value=""
            />
            <label
              class="sc-bcXHqe sc-eDvSVe kMVOLM sc-kDvujY ivkgUA as-placeholder"
            >
              Write here
               
            </label>
          </div>
        </div>
      </div>
    </div>
  </body>,
  "container": <div>
    <div
      class="sc-bcXHqe sc-eDvSVe imORpF"
      font-size="20px"
      style="overflow: visible;"
    >
      <div
        class="sc-csuSiG hkTSoV ti-input-wrapper"
      >
        <div
          class="sc-eDWCr fNjHOp"
        >
          <input
            class="sc-ipEyDJ gvOjtI  "
            type="text"
            value=""
          />
          <label
            class="sc-bcXHqe sc-eDvSVe kMVOLM sc-kDvujY ivkgUA as-placeholder"
          >
            Write here
             
          </label>
        </div>
      </div>
    </div>
  </div>,
  "debug": [Function],
  "findAllByAltText": [Function],
  "findAllByDisplayValue": [Function],
  "findAllByLabelText": [Function],
  "findAllByPlaceholderText": [Function],
  "findAllByRole": [Function],
  "findAllByTestId": [Function],
  "findAllByText": [Function],
  "findAllByTitle": [Function],
  "findByAltText": [Function],
  "findByDisplayValue": [Function],
  "findByLabelText": [Function],
  "findByPlaceholderText": [Function],
  "findByRole": [Function],
  "findByTestId": [Function],
  "findByText": [Function],
  "findByTitle": [Function],
  "getAllByAltText": [Function],
  "getAllByDisplayValue": [Function],
  "getAllByLabelText": [Function],
  "getAllByPlaceholderText": [Function],
  "getAllByRole": [Function],
  "getAllByTestId": [Function],
  "getAllByText": [Function],
  "getAllByTitle": [Function],
  "getByAltText": [Function],
  "getByDisplayValue": [Function],
  "getByLabelText": [Function],
  "getByPlaceholderText": [Function],
  "getByRole": [Function],
  "getByTestId": [Function],
  "getByText": [Function],
  "getByTitle": [Function],
  "queryAllByAltText": [Function],
  "queryAllByDisplayValue": [Function],
  "queryAllByLabelText": [Function],
  "queryAllByPlaceholderText": [Function],
  "queryAllByRole": [Function],
  "queryAllByTestId": [Function],
  "queryAllByText": [Function],
  "queryAllByTitle": [Function],
  "queryByAltText": [Function],
  "queryByDisplayValue": [Function],
  "queryByLabelText": [Function],
  "queryByPlaceholderText": [Function],
  "queryByRole": [Function],
  "queryByTestId": [Function],
  "queryByText": [Function],
  "queryByTitle": [Function],
  "rerender": [Function],
  "unmount": [Function],
}
`;
