// Jest Snapshot v1, https://goo.gl/fbAQLP

exports[`Modal test should match snapshot 1`] = `
Object {
  "asFragment": [Function],
  "baseElement": <body>
    <div>
      <button
        class="sc-bcXHqe sc-hLBbgP cHwRvE ti-button "
      >
        <p
          class="sc-bcXHqe sc-gswNZR ksAikM"
        >
          Open Modal
        </p>
        <div
          class="sc-gKPRtg dOMrEj"
          color="#C5CFDF"
        />
      </button>
      <dialog
        class="sc-pyfCe gSsiAW"
        id="modal-with-card"
        role="dialog"
      >
        <div>
          <div
            class="sc-bqWxrE sc-hBxehG zMkCb cbGVgm sc-fEXmlR nKrFE"
            width="420px"
          >
            <div
              class="sc-kDvujY lbEGww"
            >
              <h1
                class="sc-bcXHqe sc-gswNZR kdPYJo"
                font-family="Roboto Flex"
                font-weight="700"
              >
                Card inside a modal
              </h1>
            </div>
            <div
              class="sc-jrcTuL kseKKB"
            >
              <div
                class="sc-bcXHqe sc-gswNZR gmMnIc"
              >
                <ul>
                  <li>
                    Modals can accept all kind of children components.
                  </li>
                  <li>
                    You can dismiss this modal by pressing ESC.
                  </li>
                  <li>
                    For styling the modal (and backdrop), modify its style prop.
                  </li>
                </ul>
              </div>
            </div>
            <div
              class="sc-ipEyDJ hoXgcg"
            >
              <div
                style="display: flex; width: 100%; align-items: center; gap: 5px;"
              >
                <svg
                  class="sc-jSUZER fPuURX ticons-share"
                  disabled=""
                  height="16px"
                  role="img"
                  viewBox="0 0 24 24"
                  width="16px"
                  xmlns="http://www.w3.org/2000/svg"
                >
                  <path
                    d="M18.125 22.45C17.1917 22.45 16.396 22.125 15.738 21.475C15.0793 20.825 14.75 20.0333 14.75 19.1C14.75 18.9833 14.7583 18.871 14.775 18.763C14.7917 18.6543 14.8167 18.55 14.85 18.45L8.05 14.55C7.75 14.8 7.41267 14.9873 7.038 15.112C6.66267 15.2373 6.28333 15.3 5.9 15.3C4.95 15.3 4.146 14.975 3.488 14.325C2.82933 13.675 2.5 12.8833 2.5 11.95C2.5 11.0166 2.82933 10.225 3.488 9.57495C4.146 8.92495 4.95 8.59995 5.9 8.59995C6.28333 8.59995 6.66267 8.66228 7.038 8.78695C7.41267 8.91228 7.75 9.09995 8.05 9.34995L14.85 5.44995C14.8167 5.34995 14.7917 5.24162 14.775 5.12495C14.7583 5.00828 14.75 4.89995 14.75 4.79995C14.75 3.86662 15.0793 3.07495 15.738 2.42495C16.396 1.77495 17.1917 1.44995 18.125 1.44995C19.0583 1.44995 19.8543 1.77495 20.513 2.42495C21.171 3.07495 21.5 3.86662 21.5 4.79995C21.5 5.73328 21.171 6.52495 20.513 7.17495C19.8543 7.82495 19.05 8.14995 18.1 8.14995C17.7167 8.14995 17.3377 8.08728 16.963 7.96195C16.5877 7.83728 16.25 7.64995 15.95 7.39995L9.15 11.3C9.18333 11.4 9.20833 11.504 9.225 11.612C9.24167 11.7206 9.25 11.8333 9.25 11.95C9.25 12.05 9.24167 12.1583 9.225 12.275C9.20833 12.3916 9.18333 12.5 9.15 12.6L15.95 16.5C16.25 16.25 16.5877 16.0626 16.963 15.938C17.3377 15.8126 17.7167 15.75 18.1 15.75C19.05 15.75 19.8543 16.075 20.513 16.725C21.171 17.375 21.5 18.1666 21.5 19.1C21.5 20.0333 21.171 20.825 20.513 21.475C19.8543 22.125 19.0583 22.45 18.125 22.45ZM18.125 5.49995C18.325 5.49995 18.496 5.42895 18.638 5.28695C18.7793 5.14562 18.85 4.97495 18.85 4.77495C18.85 4.57495 18.7793 4.40395 18.638 4.26195C18.496 4.12062 18.325 4.04995 18.125 4.04995C17.925 4.04995 17.7543 4.12062 17.613 4.26195C17.471 4.40395 17.4 4.57495 17.4 4.77495C17.4 4.97495 17.471 5.14562 17.613 5.28695C17.7543 5.42895 17.925 5.49995 18.125 5.49995ZM5.875 12.65C6.075 12.65 6.246 12.5793 6.388 12.438C6.52933 12.296 6.6 12.125 6.6 11.925C6.6 11.725 6.52933 11.554 6.388 11.412C6.246 11.2706 6.075 11.2 5.875 11.2C5.675 11.2 5.50433 11.2706 5.363 11.412C5.221 11.554 5.15 11.725 5.15 11.925C5.15 12.125 5.221 12.296 5.363 12.438C5.50433 12.5793 5.675 12.65 5.875 12.65ZM18.125 19.7999C18.325 19.7999 18.496 19.729 18.638 19.587C18.7793 19.4456 18.85 19.275 18.85 19.075C18.85 18.875 18.7793 18.704 18.638 18.562C18.496 18.4206 18.325 18.35 18.125 18.35C17.925 18.35 17.7543 18.4206 17.613 18.562C17.471 18.704 17.4 18.875 17.4 19.075C17.4 19.275 17.471 19.4456 17.613 19.587C17.7543 19.729 17.925 19.7999 18.125 19.7999Z"
                  />
                </svg>
                <div
                  aria-label="likes"
                  class="sc-bcXHqe sc-gswNZR gHENbx"
                  font-size="12px"
                >
                  9999,9999
                </div>
              </div>
              <div
                style="display: flex; flex-direction: row; justify-content: end;"
              >
                <button
                  class="sc-bcXHqe sc-hLBbgP cJOtpf ti-button "
                >
                  <p
                    class="sc-bcXHqe sc-gswNZR chvlah"
                  >
                    Close
                  </p>
                  <div
                    class="sc-gKPRtg bJoWGa"
                    color="#FFFFFF"
                  />
                </button>
              </div>
            </div>
          </div>
        </div>
      </dialog>
    </div>
  </body>,
  "container": <div>
    <button
      class="sc-bcXHqe sc-hLBbgP cHwRvE ti-button "
    >
      <p
        class="sc-bcXHqe sc-gswNZR ksAikM"
      >
        Open Modal
      </p>
      <div
        class="sc-gKPRtg dOMrEj"
        color="#C5CFDF"
      />
    </button>
    <dialog
      class="sc-pyfCe gSsiAW"
      id="modal-with-card"
      role="dialog"
    >
      <div>
        <div
          class="sc-bqWxrE sc-hBxehG zMkCb cbGVgm sc-fEXmlR nKrFE"
          width="420px"
        >
          <div
            class="sc-kDvujY lbEGww"
          >
            <h1
              class="sc-bcXHqe sc-gswNZR kdPYJo"
              font-family="Roboto Flex"
              font-weight="700"
            >
              Card inside a modal
            </h1>
          </div>
          <div
            class="sc-jrcTuL kseKKB"
          >
            <div
              class="sc-bcXHqe sc-gswNZR gmMnIc"
            >
              <ul>
                <li>
                  Modals can accept all kind of children components.
                </li>
                <li>
                  You can dismiss this modal by pressing ESC.
                </li>
                <li>
                  For styling the modal (and backdrop), modify its style prop.
                </li>
              </ul>
            </div>
          </div>
          <div
            class="sc-ipEyDJ hoXgcg"
          >
            <div
              style="display: flex; width: 100%; align-items: center; gap: 5px;"
            >
              <svg
                class="sc-jSUZER fPuURX ticons-share"
                disabled=""
                height="16px"
                role="img"
                viewBox="0 0 24 24"
                width="16px"
                xmlns="http://www.w3.org/2000/svg"
              >
                <path
                  d="M18.125 22.45C17.1917 22.45 16.396 22.125 15.738 21.475C15.0793 20.825 14.75 20.0333 14.75 19.1C14.75 18.9833 14.7583 18.871 14.775 18.763C14.7917 18.6543 14.8167 18.55 14.85 18.45L8.05 14.55C7.75 14.8 7.41267 14.9873 7.038 15.112C6.66267 15.2373 6.28333 15.3 5.9 15.3C4.95 15.3 4.146 14.975 3.488 14.325C2.82933 13.675 2.5 12.8833 2.5 11.95C2.5 11.0166 2.82933 10.225 3.488 9.57495C4.146 8.92495 4.95 8.59995 5.9 8.59995C6.28333 8.59995 6.66267 8.66228 7.038 8.78695C7.41267 8.91228 7.75 9.09995 8.05 9.34995L14.85 5.44995C14.8167 5.34995 14.7917 5.24162 14.775 5.12495C14.7583 5.00828 14.75 4.89995 14.75 4.79995C14.75 3.86662 15.0793 3.07495 15.738 2.42495C16.396 1.77495 17.1917 1.44995 18.125 1.44995C19.0583 1.44995 19.8543 1.77495 20.513 2.42495C21.171 3.07495 21.5 3.86662 21.5 4.79995C21.5 5.73328 21.171 6.52495 20.513 7.17495C19.8543 7.82495 19.05 8.14995 18.1 8.14995C17.7167 8.14995 17.3377 8.08728 16.963 7.96195C16.5877 7.83728 16.25 7.64995 15.95 7.39995L9.15 11.3C9.18333 11.4 9.20833 11.504 9.225 11.612C9.24167 11.7206 9.25 11.8333 9.25 11.95C9.25 12.05 9.24167 12.1583 9.225 12.275C9.20833 12.3916 9.18333 12.5 9.15 12.6L15.95 16.5C16.25 16.25 16.5877 16.0626 16.963 15.938C17.3377 15.8126 17.7167 15.75 18.1 15.75C19.05 15.75 19.8543 16.075 20.513 16.725C21.171 17.375 21.5 18.1666 21.5 19.1C21.5 20.0333 21.171 20.825 20.513 21.475C19.8543 22.125 19.0583 22.45 18.125 22.45ZM18.125 5.49995C18.325 5.49995 18.496 5.42895 18.638 5.28695C18.7793 5.14562 18.85 4.97495 18.85 4.77495C18.85 4.57495 18.7793 4.40395 18.638 4.26195C18.496 4.12062 18.325 4.04995 18.125 4.04995C17.925 4.04995 17.7543 4.12062 17.613 4.26195C17.471 4.40395 17.4 4.57495 17.4 4.77495C17.4 4.97495 17.471 5.14562 17.613 5.28695C17.7543 5.42895 17.925 5.49995 18.125 5.49995ZM5.875 12.65C6.075 12.65 6.246 12.5793 6.388 12.438C6.52933 12.296 6.6 12.125 6.6 11.925C6.6 11.725 6.52933 11.554 6.388 11.412C6.246 11.2706 6.075 11.2 5.875 11.2C5.675 11.2 5.50433 11.2706 5.363 11.412C5.221 11.554 5.15 11.725 5.15 11.925C5.15 12.125 5.221 12.296 5.363 12.438C5.50433 12.5793 5.675 12.65 5.875 12.65ZM18.125 19.7999C18.325 19.7999 18.496 19.729 18.638 19.587C18.7793 19.4456 18.85 19.275 18.85 19.075C18.85 18.875 18.7793 18.704 18.638 18.562C18.496 18.4206 18.325 18.35 18.125 18.35C17.925 18.35 17.7543 18.4206 17.613 18.562C17.471 18.704 17.4 18.875 17.4 19.075C17.4 19.275 17.471 19.4456 17.613 19.587C17.7543 19.729 17.925 19.7999 18.125 19.7999Z"
                />
              </svg>
              <div
                aria-label="likes"
                class="sc-bcXHqe sc-gswNZR gHENbx"
                font-size="12px"
              >
                9999,9999
              </div>
            </div>
            <div
              style="display: flex; flex-direction: row; justify-content: end;"
            >
              <button
                class="sc-bcXHqe sc-hLBbgP cJOtpf ti-button "
              >
                <p
                  class="sc-bcXHqe sc-gswNZR chvlah"
                >
                  Close
                </p>
                <div
                  class="sc-gKPRtg bJoWGa"
                  color="#FFFFFF"
                />
              </button>
            </div>
          </div>
        </div>
      </div>
    </dialog>
  </div>,
  "debug": [Function],
  "findAllByAltText": [Function],
  "findAllByDisplayValue": [Function],
  "findAllByLabelText": [Function],
  "findAllByPlaceholderText": [Function],
  "findAllByRole": [Function],
  "findAllByTestId": [Function],
  "findAllByText": [Function],
  "findAllByTitle": [Function],
  "findByAltText": [Function],
  "findByDisplayValue": [Function],
  "findByLabelText": [Function],
  "findByPlaceholderText": [Function],
  "findByRole": [Function],
  "findByTestId": [Function],
  "findByText": [Function],
  "findByTitle": [Function],
  "getAllByAltText": [Function],
  "getAllByDisplayValue": [Function],
  "getAllByLabelText": [Function],
  "getAllByPlaceholderText": [Function],
  "getAllByRole": [Function],
  "getAllByTestId": [Function],
  "getAllByText": [Function],
  "getAllByTitle": [Function],
  "getByAltText": [Function],
  "getByDisplayValue": [Function],
  "getByLabelText": [Function],
  "getByPlaceholderText": [Function],
  "getByRole": [Function],
  "getByTestId": [Function],
  "getByText": [Function],
  "getByTitle": [Function],
  "queryAllByAltText": [Function],
  "queryAllByDisplayValue": [Function],
  "queryAllByLabelText": [Function],
  "queryAllByPlaceholderText": [Function],
  "queryAllByRole": [Function],
  "queryAllByTestId": [Function],
  "queryAllByText": [Function],
  "queryAllByTitle": [Function],
  "queryByAltText": [Function],
  "queryByDisplayValue": [Function],
  "queryByLabelText": [Function],
  "queryByPlaceholderText": [Function],
  "queryByRole": [Function],
  "queryByTestId": [Function],
  "queryByText": [Function],
  "queryByTitle": [Function],
  "rerender": [Function],
  "unmount": [Function],
}
`;
